// Jest Snapshot v1, https://goo.gl/fbAQLP

exports[`Service view component renders service view 1`] = `ShallowWrapper {}`;
