// Jest Snapshot v1, https://goo.gl/fbAQLP

exports[`Services component renders empty services page 1`] = `ReactWrapper {}`;

exports[`Services component renders services page 1`] = `ReactWrapper {}`;
