// Jest Snapshot v1, https://goo.gl/fbAQLP

exports[`Service breakdown panel component renders empty service breakdown panel 1`] = `ReactWrapper {}`;

exports[`Service breakdown panel component renders service breakdown panel 1`] = `ReactWrapper {}`;
