// Jest Snapshot v1, https://goo.gl/fbAQLP

exports[`Service breakdown panel component renders service breakdown panel 1`] = `
<SpanDetailPanel
  data={
    Object {
      "gantt": Array [
        Object {
          "hoverinfo": "none",
          "marker": Object {
            "color": "rgba(0, 0, 0, 0)",
          },
          "orientation": "h",
          "showlegend": false,
          "type": "bar",
          "width": 0.4,
          "x": Array [
            0,
          ],
          "y": Array [
            "inventory <br>HTTP GET 4dec6080-61af-11eb-aee3-ef2f84ffa4a2",
          ],
        },
        Object {
          "hovertemplate": "%{x}<extra></extra>",
          "marker": Object {
            "color": "#7492e7",
          },
          "orientation": "h",
          "text": Array [
            "Error",
          ],
          "textfont": Object {
            "color": Array [
              "#c14125",
            ],
          },
          "textposition": "outside",
          "type": "bar",
          "width": 0.4,
          "x": Array [
            19.91,
          ],
          "y": Array [
            "inventory <br>HTTP GET 4dec6080-61af-11eb-aee3-ef2f84ffa4a2",
          ],
        },
      ],
      "ganttMaxX": 19.91,
      "table": Array [
        Object {
          "end_time": "2020-11-10T17:55:45.239564396Z",
          "error": "Error",
          "latency": 19.91,
          "service_name": "inventory",
          "span_id": "32c641131b569afa",
          "start_time": "2020-11-10T17:55:45.219652629Z",
          "vs_benchmark": 0,
        },
      ],
    }
  }
>
  <EuiPanel>
    <div
      className="euiPanel euiPanel--paddingMedium"
    >
      <PanelTitle
        title="Span detail"
      >
        <EuiText
          size="m"
        >
          <div
            className="euiText euiText--medium"
          >
            <span
              className="panel-title"
            >
              Span detail
            </span>
          </div>
        </EuiText>
      </PanelTitle>
      <EuiHorizontalRule
        margin="m"
      >
        <hr
          className="euiHorizontalRule euiHorizontalRule--full euiHorizontalRule--marginMedium"
        />
      </EuiHorizontalRule>
      <div
        style={
          Object {
            "maxHeight": 500,
            "overflowY": "auto",
          }
        }
      >
        <Plt
          data={
            Array [
              Object {
                "hoverinfo": "none",
                "marker": Object {
                  "color": "rgba(0, 0, 0, 0)",
                },
                "orientation": "h",
                "showlegend": false,
                "type": "bar",
                "width": 0.4,
                "x": Array [
                  0,
                ],
                "y": Array [
                  "inventory <br>HTTP GET 4dec6080-61af-11eb-aee3-ef2f84ffa4a2",
                ],
              },
              Object {
                "hovertemplate": "%{x}<extra></extra>",
                "marker": Object {
                  "color": "#7492e7",
                },
                "orientation": "h",
                "text": Array [
                  "Error",
                ],
                "textfont": Object {
                  "color": Array [
                    "#c14125",
                  ],
                },
                "textposition": "outside",
                "type": "bar",
                "width": 0.4,
                "x": Array [
                  19.91,
                ],
                "y": Array [
                  "inventory <br>HTTP GET 4dec6080-61af-11eb-aee3-ef2f84ffa4a2",
                ],
              },
            ]
          }
          layout={
            Object {
              "height": 110,
              "margin": Object {
                "b": 30,
                "l": 260,
                "r": 5,
                "t": 30,
              },
              "width": 800,
              "xaxis": Object {
                "color": "#91989c",
                "range": Array [
                  0,
                  23.892,
                ],
                "showline": true,
                "side": "top",
                "ticksuffix": " ms",
              },
              "yaxis": Object {
                "showgrid": false,
                "ticktext": Array [
                  "inventory <br>HTTP GET ",
                ],
                "tickvals": Array [
                  "inventory <br>HTTP GET 4dec6080-61af-11eb-aee3-ef2f84ffa4a2",
                ],
              },
            }
          }
        >
          <PlotlyComponent
            config={
              Object {
                "displayModeBar": false,
              }
            }
            data={
              Array [
                Object {
                  "hoverinfo": "none",
                  "marker": Object {
                    "color": "rgba(0, 0, 0, 0)",
                  },
                  "orientation": "h",
                  "showlegend": false,
                  "type": "bar",
                  "width": 0.4,
                  "x": Array [
                    0,
                  ],
                  "y": Array [
                    "inventory <br>HTTP GET 4dec6080-61af-11eb-aee3-ef2f84ffa4a2",
                  ],
                },
                Object {
                  "hovertemplate": "%{x}<extra></extra>",
                  "marker": Object {
                    "color": "#7492e7",
                  },
                  "orientation": "h",
                  "text": Array [
                    "Error",
                  ],
                  "textfont": Object {
                    "color": Array [
                      "#c14125",
                    ],
                  },
                  "textposition": "outside",
                  "type": "bar",
                  "width": 0.4,
                  "x": Array [
                    19.91,
                  ],
                  "y": Array [
                    "inventory <br>HTTP GET 4dec6080-61af-11eb-aee3-ef2f84ffa4a2",
                  ],
                },
              ]
            }
            debug={false}
            layout={
              Object {
                "autosize": true,
                "barmode": "stack",
                "height": 110,
                "hovermode": "closest",
                "legend": Object {
                  "orientation": "h",
                  "traceorder": "normal",
                },
                "margin": Object {
                  "b": 30,
                  "l": 260,
                  "r": 5,
                  "t": 30,
                },
                "showlegend": false,
                "width": 800,
                "xaxis": Object {
                  "color": "#91989c",
                  "range": Array [
                    0,
                    23.892,
                  ],
                  "showline": true,
                  "side": "top",
                  "ticksuffix": " ms",
                },
                "yaxis": Object {
                  "showgrid": false,
                  "ticktext": Array [
                    "inventory <br>HTTP GET ",
                  ],
                  "tickvals": Array [
                    "inventory <br>HTTP GET 4dec6080-61af-11eb-aee3-ef2f84ffa4a2",
                  ],
                },
              }
            }
            style={
              Object {
                "height": "100%",
                "width": "100%",
              }
            }
            useResizeHandler={true}
          >
            <div
              style={
                Object {
                  "height": "100%",
                  "width": "100%",
                }
              }
            />
          </PlotlyComponent>
        </Plt>
      </div>
    </div>
  </EuiPanel>
</SpanDetailPanel>
`;
