// Jest Snapshot v1, https://goo.gl/fbAQLP

exports[`<SpanDetailTable /> spec renders the component with data 1`] = `
<div>
  <div
    data-focus-guard="true"
    style="width: 1px; height: 0px; padding: 0px; overflow: hidden; position: fixed; top: 1px; left: 1px;"
    tabindex="-1"
  />
  <div
    data-focus-guard="true"
    style="width: 1px; height: 0px; padding: 0px; overflow: hidden; position: fixed; top: 1px; left: 1px;"
    tabindex="-1"
  />
  <div
    data-focus-lock-disabled="disabled"
    style="height: 100%;"
  >
    <div
      class="euiDataGrid euiDataGrid--bordersAll euiDataGrid--headerShade euiDataGrid--rowHoverHighlight"
    />
  </div>
  <div
    data-focus-guard="true"
    style="width: 1px; height: 0px; padding: 0px; overflow: hidden; position: fixed; top: 1px; left: 1px;"
    tabindex="-1"
  />
</div>
`;

exports[`<SpanDetailTable /> spec renders the empty component 1`] = `
<SpanDetailTable
  DSL={Object {}}
  hiddenColumns={
    Array [
      "traceId",
      "traceGroup",
    ]
  }
  http={[MockFunction]}
  openFlyout={[Function]}
>
  <EuiDataGrid
    aria-labelledby="span-detail-data-grid"
    columnVisibility={
      Object {
        "setVisibleColumns": [Function],
        "visibleColumns": Array [
          "spanId",
          "parentSpanId",
          "serviceName",
          "name",
          "durationInNanos",
          "startTime",
          "endTime",
          "status.code",
        ],
      }
    }
    columns={
      Array [
        Object {
          "display": "Span ID",
          "id": "spanId",
        },
        Object {
          "display": "Parent span ID",
          "id": "parentSpanId",
        },
        Object {
          "display": "Trace ID",
          "id": "traceId",
        },
        Object {
          "display": "Trace group",
          "id": "traceGroup",
        },
        Object {
          "display": "Service",
          "id": "serviceName",
        },
        Object {
          "display": "Operation",
          "id": "name",
        },
        Object {
          "display": "Duration",
          "id": "durationInNanos",
        },
        Object {
          "display": "Start time",
          "id": "startTime",
        },
        Object {
          "display": "End time",
          "id": "endTime",
        },
        Object {
          "display": "Errors",
          "id": "status.code",
        },
      ]
    }
    pagination={
      Object {
        "onChangeItemsPerPage": [Function],
        "onChangePage": [Function],
        "pageIndex": 0,
        "pageSize": 10,
        "pageSizeOptions": Array [
          10,
          50,
          100,
        ],
      }
    }
    renderCellValue={[Function]}
    rowCount={0}
    sorting={
      Object {
        "columns": Array [],
        "onSort": [Function],
      }
    }
  >
    <EuiI18n
      default="{label}; Page {page} of {pageCount}."
      token="euiDataGrid.ariaLabel"
      values={
        Object {
          "label": undefined,
          "page": 1,
          "pageCount": 0,
        }
      }
    >
      <EuiI18n
        default="Page {page} of {pageCount}."
        token="euiDataGrid.ariaLabelledBy"
        values={
          Object {
            "page": 1,
            "pageCount": 0,
          }
        }
      >
        <EuiFocusTrap
          disabled={true}
          style={
            Object {
              "height": "100%",
            }
          }
        >
          <FocusLock
            as="div"
            autoFocus={true}
            disabled={true}
            lockProps={
              Object {
                "style": Object {
                  "height": "100%",
                },
              }
            }
            noFocusGuards={false}
            persistentFocus={false}
            returnFocus={true}
          >
            <div
              data-focus-guard={true}
              key="guard-first"
              style={
                Object {
                  "height": "0px",
                  "left": "1px",
                  "overflow": "hidden",
                  "padding": 0,
                  "position": "fixed",
                  "top": "1px",
                  "width": "1px",
                }
              }
              tabIndex={-1}
            />
            <div
              data-focus-guard={true}
              key="guard-nearest"
              style={
                Object {
                  "height": "0px",
                  "left": "1px",
                  "overflow": "hidden",
                  "padding": 0,
                  "position": "fixed",
                  "top": "1px",
                  "width": "1px",
                }
              }
              tabIndex={-1}
            />
            <div
              data-focus-lock-disabled="disabled"
              onBlur={[Function]}
              onFocus={[Function]}
              style={
                Object {
                  "height": "100%",
                }
              }
            >
              <SideEffect(FocusWatcher)
                autoFocus={true}
                disabled={true}
                observed={
                  <div
                    data-focus-lock-disabled="disabled"
                    style="height: 100%;"
                  >
                    <div
                      class="euiDataGrid euiDataGrid--bordersAll euiDataGrid--headerShade euiDataGrid--rowHoverHighlight"
                    />
                  </div>
                }
                onActivation={[Function]}
                onDeactivation={[Function]}
                persistentFocus={false}
                shards={Array []}
              >
                <FocusWatcher
                  autoFocus={true}
                  disabled={true}
                  observed={
                    <div
                      data-focus-lock-disabled="disabled"
                      style="height: 100%;"
                    >
                      <div
                        class="euiDataGrid euiDataGrid--bordersAll euiDataGrid--headerShade euiDataGrid--rowHoverHighlight"
                      />
                    </div>
                  }
                  onActivation={[Function]}
                  onDeactivation={[Function]}
                  persistentFocus={false}
                  shards={Array []}
                />
              </SideEffect(FocusWatcher)>
              <div
                className="euiDataGrid euiDataGrid--bordersAll euiDataGrid--headerShade euiDataGrid--rowHoverHighlight"
                onKeyDown={[Function]}
              />
            </div>
            <div
              data-focus-guard={true}
              style={
                Object {
                  "height": "0px",
                  "left": "1px",
                  "overflow": "hidden",
                  "padding": 0,
                  "position": "fixed",
                  "top": "1px",
                  "width": "1px",
                }
              }
              tabIndex={-1}
            />
          </FocusLock>
        </EuiFocusTrap>
      </EuiI18n>
    </EuiI18n>
  </EuiDataGrid>
  <NoMatchMessage
    size="xl"
  >
    <EuiSpacer
      size="xl"
    >
      <div
        className="euiSpacer euiSpacer--xl"
      />
    </EuiSpacer>
    <EuiEmptyPrompt
      body={
        <EuiText>
          No data matches the selected filter. Clear the filter and/or increase the time range to see more results.
        </EuiText>
      }
      title={
        <h2>
          No matches
        </h2>
      }
    >
      <div
        className="euiEmptyPrompt"
      >
        <EuiTextColor
          color="subdued"
        >
          <span
            className="euiTextColor euiTextColor--subdued"
          >
            <EuiTitle
              size="m"
            >
              <h2
                className="euiTitle euiTitle--medium"
              >
                No matches
              </h2>
            </EuiTitle>
            <EuiSpacer
              size="m"
            >
              <div
                className="euiSpacer euiSpacer--m"
              />
            </EuiSpacer>
            <EuiText>
              <div
                className="euiText euiText--medium"
              >
                <EuiText>
                  <div
                    className="euiText euiText--medium"
                  >
                    No data matches the selected filter. Clear the filter and/or increase the time range to see more results.
                  </div>
                </EuiText>
              </div>
            </EuiText>
          </span>
        </EuiTextColor>
      </div>
    </EuiEmptyPrompt>
    <EuiSpacer
      size="xl"
    >
      <div
        className="euiSpacer euiSpacer--xl"
      />
    </EuiSpacer>
  </NoMatchMessage>
</SpanDetailTable>
`;
