// Jest Snapshot v1, https://goo.gl/fbAQLP

exports[`Trace view component renders trace view 1`] = `ShallowWrapper {}`;
