// Jest Snapshot v1, https://goo.gl/fbAQLP

exports[`Latency trend cell component renders latency trend cell 1`] = `ReactWrapper {}`;
