// Jest Snapshot v1, https://goo.gl/fbAQLP

exports[`Box plot component renders box plot 1`] = `ShallowWrapper {}`;
