// Jest Snapshot v1, https://goo.gl/fbAQLP

exports[`Error rate plot component renders error rate plot 1`] = `ShallowWrapper {}`;
