// Jest Snapshot v1, https://goo.gl/fbAQLP

exports[`Plotly component renders plot 1`] = `ReactWrapper {}`;
