// Jest Snapshot v1, https://goo.gl/fbAQLP

exports[`Service map scale component renders service map scale plot 1`] = `ShallowWrapper {}`;
