// Jest Snapshot v1, https://goo.gl/fbAQLP

exports[`Filter popover component renders filter popover 1`] = `ReactWrapper {}`;
