// Jest Snapshot v1, https://goo.gl/fbAQLP

exports[`Filter component renders filters 1`] = `ReactWrapper {}`;
